


Download the driver:

$ wget http://www2.ati.com/drivers/linux/amd-catalyst-13.4-linux-x86.x86_64.zip

Unzip the driver:

$ unzip amd-catalyst-13.4-linux-x86.x86_64.zip

Make the file executable:

$ chmod +x amd-catalyst-13.4-linux-x86.x86_64.run

Create deb-file from the run-installer:

$ sudo ./amd-catalyst-13.4-linux-x86.x86_64.run --buildpkg Ubuntu/raring

This might give you an error as you might lack necessary packages. According to this site at least Precise needed these packages to be installed.

$ sudo apt-get install dh-make dh-modaliases execstack

Install the deb file (replace * sign with the real ending â€“ to check the correct file name you can use ls -l command):

$ sudo dpkg -i fglrx*.deb
